2024-12-16 01:27:19,182 - root - DEBUG - This is a harmless debug Message
2024-12-16 01:27:19,182 - root - INFO - This is just an information
2024-12-16 01:27:19,182 - root - WARNING - It is a Warning. Please make changes
2024-12-16 01:27:19,183 - root - ERROR - You are trying to divide by zero
2024-12-16 01:27:19,183 - root - CRITICAL - Internet is down
2024-12-16 01:27:19,194 - WDM - INFO - ====== WebDriver manager ======
2024-12-16 01:27:21,887 - WDM - INFO - Get LATEST chromedriver version for google-chrome
2024-12-16 01:27:21,890 - urllib3.connectionpool - DEBUG - Starting new HTTPS connection (1): googlechromelabs.github.io:443
2024-12-16 01:27:22,015 - urllib3.connectionpool - DEBUG - https://googlechromelabs.github.io:443 "GET /chrome-for-testing/latest-patch-versions-per-build.json HTTP/11" 200 8697
2024-12-16 01:27:22,020 - WDM - INFO - Get LATEST chromedriver version for google-chrome
2024-12-16 01:27:22,022 - urllib3.connectionpool - DEBUG - Starting new HTTPS connection (1): googlechromelabs.github.io:443
2024-12-16 01:27:22,111 - urllib3.connectionpool - DEBUG - https://googlechromelabs.github.io:443 "GET /chrome-for-testing/latest-patch-versions-per-build.json HTTP/11" 200 8697
2024-12-16 01:27:22,120 - WDM - INFO - Driver [C:\Users\ЛевАлександрович\.wdm\drivers\chromedriver\win64\131.0.6778.108\chromedriver-win32/chromedriver.exe] found in cache
2024-12-16 01:27:22,123 - selenium.webdriver.common.driver_finder - DEBUG - Skipping Selenium Manager; path to chrome driver specified in Service class: C:\Users\ЛевАлександрович\.wdm\drivers\chromedriver\win64\131.0.6778.108\chromedriver-win32/chromedriver.exe
2024-12-16 01:27:22,167 - selenium.webdriver.common.service - DEBUG - Started executable: `C:\Users\ЛевАлександрович\.wdm\drivers\chromedriver\win64\131.0.6778.108\chromedriver-win32/chromedriver.exe` in a child process with pid: 15992 using 0 to output -3
2024-12-16 01:27:22,691 - selenium.webdriver.remote.remote_connection - DEBUG - POST http://localhost:56268/session {'capabilities': {'firstMatch': [{}], 'alwaysMatch': {'browserName': 'chrome', 'pageLoadStrategy': <PageLoadStrategy.normal: 'normal'>, 'goog:chromeOptions': {'extensions': [], 'args': []}}}}
2024-12-16 01:27:22,691 - urllib3.connectionpool - DEBUG - Starting new HTTP connection (1): localhost:56268
2024-12-16 01:27:23,475 - urllib3.connectionpool - DEBUG - http://localhost:56268 "POST /session HTTP/11" 200 0
2024-12-16 01:27:23,475 - selenium.webdriver.remote.remote_connection - DEBUG - Remote response: status=200 | data={"value":{"capabilities":{"acceptInsecureCerts":false,"browserName":"chrome","browserVersion":"131.0.6778.140","chrome":{"chromedriverVersion":"131.0.6778.108 (3b014839fbc4fb688b2f5af512d6ce312ad208b1-refs/branch-heads/6778@{#2393})","userDataDir":"C:\\Users\\2DD9~1\\AppData\\Local\\Temp\\scoped_dir15992_937582452"},"fedcm:accounts":true,"goog:chromeOptions":{"debuggerAddress":"localhost:56272"},"networkConnectionEnabled":false,"pageLoadStrategy":"normal","platformName":"windows","proxy":{},"setWindowRect":true,"strictFileInteractability":false,"timeouts":{"implicit":0,"pageLoad":300000,"script":30000},"unhandledPromptBehavior":"dismiss and notify","webauthn:extension:credBlob":true,"webauthn:extension:largeBlob":true,"webauthn:extension:minPinLength":true,"webauthn:extension:prf":true,"webauthn:virtualAuthenticators":true},"sessionId":"9b1c918065bd62a7ee371461052f2322"}} | headers=HTTPHeaderDict({'Content-Length': '884', 'Content-Type': 'application/json; charset=utf-8', 'cache-control': 'no-cache'})
2024-12-16 01:27:23,475 - selenium.webdriver.remote.remote_connection - DEBUG - Finished Request
2024-12-16 01:27:23,477 - root - INFO - ZAPUSK TESTA 
2024-12-16 01:27:23,478 - selenium.webdriver.remote.remote_connection - DEBUG - POST http://localhost:56268/session/9b1c918065bd62a7ee371461052f2322/url {'url': 'https://sbis.ru/contacts/'}
2024-12-16 01:27:25,598 - urllib3.connectionpool - DEBUG - http://localhost:56268 "POST /session/9b1c918065bd62a7ee371461052f2322/url HTTP/11" 200 0
2024-12-16 01:27:25,598 - selenium.webdriver.remote.remote_connection - DEBUG - Remote response: status=200 | data={"value":null} | headers=HTTPHeaderDict({'Content-Length': '14', 'Content-Type': 'application/json; charset=utf-8', 'cache-control': 'no-cache'})
2024-12-16 01:27:25,598 - selenium.webdriver.remote.remote_connection - DEBUG - Finished Request
2024-12-16 01:27:25,599 - selenium.webdriver.remote.remote_connection - DEBUG - POST http://localhost:56268/session/9b1c918065bd62a7ee371461052f2322/element {'using': 'xpath', 'value': '//*[@id="contacts_clients"]/div[1]/div/div/div[2]/div/a'}
2024-12-16 01:27:26,244 - urllib3.connectionpool - DEBUG - http://localhost:56268 "POST /session/9b1c918065bd62a7ee371461052f2322/element HTTP/11" 200 0
2024-12-16 01:27:26,244 - selenium.webdriver.remote.remote_connection - DEBUG - Remote response: status=200 | data={"value":{"element-6066-11e4-a52e-4f735466cecf":"f.E23598533316B2A3CA20DFD342B9E188.d.D54FC431024C89D3BDFFEEB35831389E.e.26"}} | headers=HTTPHeaderDict({'Content-Length': '126', 'Content-Type': 'application/json; charset=utf-8', 'cache-control': 'no-cache'})
2024-12-16 01:27:26,244 - selenium.webdriver.remote.remote_connection - DEBUG - Finished Request
2024-12-16 01:27:26,245 - selenium.webdriver.remote.remote_connection - DEBUG - POST http://localhost:56268/session/9b1c918065bd62a7ee371461052f2322/element/f.E23598533316B2A3CA20DFD342B9E188.d.D54FC431024C89D3BDFFEEB35831389E.e.26/click {}
2024-12-16 01:27:26,406 - urllib3.connectionpool - DEBUG - http://localhost:56268 "POST /session/9b1c918065bd62a7ee371461052f2322/element/f.E23598533316B2A3CA20DFD342B9E188.d.D54FC431024C89D3BDFFEEB35831389E.e.26/click HTTP/11" 200 0
2024-12-16 01:27:26,407 - selenium.webdriver.remote.remote_connection - DEBUG - Remote response: status=200 | data={"value":null} | headers=HTTPHeaderDict({'Content-Length': '14', 'Content-Type': 'application/json; charset=utf-8', 'cache-control': 'no-cache'})
2024-12-16 01:27:26,407 - selenium.webdriver.remote.remote_connection - DEBUG - Finished Request
2024-12-16 01:27:26,407 - selenium.webdriver.remote.remote_connection - DEBUG - GET http://localhost:56268/session/9b1c918065bd62a7ee371461052f2322/window/handles {}
2024-12-16 01:27:26,422 - urllib3.connectionpool - DEBUG - http://localhost:56268 "GET /session/9b1c918065bd62a7ee371461052f2322/window/handles HTTP/11" 200 0
2024-12-16 01:27:26,422 - selenium.webdriver.remote.remote_connection - DEBUG - Remote response: status=200 | data={"value":["E23598533316B2A3CA20DFD342B9E188","F58EA26C8C1CFBAF4A67A533CF2519BC"]} | headers=HTTPHeaderDict({'Content-Length': '81', 'Content-Type': 'application/json; charset=utf-8', 'cache-control': 'no-cache'})
2024-12-16 01:27:26,422 - selenium.webdriver.remote.remote_connection - DEBUG - Finished Request
2024-12-16 01:27:26,422 - selenium.webdriver.remote.remote_connection - DEBUG - POST http://localhost:56268/session/9b1c918065bd62a7ee371461052f2322/window {'handle': 'F58EA26C8C1CFBAF4A67A533CF2519BC'}
2024-12-16 01:27:26,424 - urllib3.connectionpool - DEBUG - http://localhost:56268 "POST /session/9b1c918065bd62a7ee371461052f2322/window HTTP/11" 200 0
2024-12-16 01:27:26,424 - selenium.webdriver.remote.remote_connection - DEBUG - Remote response: status=200 | data={"value":null} | headers=HTTPHeaderDict({'Content-Length': '14', 'Content-Type': 'application/json; charset=utf-8', 'cache-control': 'no-cache'})
2024-12-16 01:27:26,424 - selenium.webdriver.remote.remote_connection - DEBUG - Finished Request
2024-12-16 01:27:29,426 - selenium.webdriver.remote.remote_connection - DEBUG - POST http://localhost:56268/session/9b1c918065bd62a7ee371461052f2322/element {'using': 'xpath', 'value': '//*[@id="container"]/div[1]/div/div[5]/div/div/div[1]/div/p[1]'}
2024-12-16 01:27:29,443 - urllib3.connectionpool - DEBUG - http://localhost:56268 "POST /session/9b1c918065bd62a7ee371461052f2322/element HTTP/11" 200 0
2024-12-16 01:27:29,443 - selenium.webdriver.remote.remote_connection - DEBUG - Remote response: status=200 | data={"value":{"element-6066-11e4-a52e-4f735466cecf":"f.F58EA26C8C1CFBAF4A67A533CF2519BC.d.95BB412A79AA1DAA3DA027114796F7DF.e.13"}} | headers=HTTPHeaderDict({'Content-Length': '126', 'Content-Type': 'application/json; charset=utf-8', 'cache-control': 'no-cache'})
2024-12-16 01:27:29,443 - selenium.webdriver.remote.remote_connection - DEBUG - Finished Request
2024-12-16 01:27:29,444 - selenium.webdriver.remote.remote_connection - DEBUG - POST http://localhost:56268/session/9b1c918065bd62a7ee371461052f2322/execute/sync {'script': '/* isDisplayed */return (function(){return (function(){var g=this||self;\nfunction aa(a){var b=typeof...', 'args': [{'element-6066-11e4-a52e-4f735466cecf': 'f.F58EA26C8C1CFBAF4A67A533CF2519BC.d.95BB412A79AA1DAA3DA027114796F7DF.e.13'}]}
2024-12-16 01:27:29,456 - urllib3.connectionpool - DEBUG - http://localhost:56268 "POST /session/9b1c918065bd62a7ee371461052f2322/execute/sync HTTP/11" 200 0
2024-12-16 01:27:29,456 - selenium.webdriver.remote.remote_connection - DEBUG - Remote response: status=200 | data={"value":true} | headers=HTTPHeaderDict({'Content-Length': '14', 'Content-Type': 'application/json; charset=utf-8', 'cache-control': 'no-cache'})
2024-12-16 01:27:29,457 - selenium.webdriver.remote.remote_connection - DEBUG - Finished Request
2024-12-16 01:27:29,457 - selenium.webdriver.remote.remote_connection - DEBUG - POST http://localhost:56268/session/9b1c918065bd62a7ee371461052f2322/element {'using': 'xpath', 'value': '//*[@id="container"]/div[1]/div/div[5]/div/div/div[1]/div/p[4]/a'}
2024-12-16 01:27:29,469 - urllib3.connectionpool - DEBUG - http://localhost:56268 "POST /session/9b1c918065bd62a7ee371461052f2322/element HTTP/11" 200 0
2024-12-16 01:27:29,470 - selenium.webdriver.remote.remote_connection - DEBUG - Remote response: status=200 | data={"value":{"element-6066-11e4-a52e-4f735466cecf":"f.F58EA26C8C1CFBAF4A67A533CF2519BC.d.95BB412A79AA1DAA3DA027114796F7DF.e.14"}} | headers=HTTPHeaderDict({'Content-Length': '126', 'Content-Type': 'application/json; charset=utf-8', 'cache-control': 'no-cache'})
2024-12-16 01:27:29,470 - selenium.webdriver.remote.remote_connection - DEBUG - Finished Request
2024-12-16 01:27:29,471 - selenium.webdriver.remote.remote_connection - DEBUG - POST http://localhost:56268/session/9b1c918065bd62a7ee371461052f2322/execute/sync {'script': 'arguments[0].scrollIntoView(true);', 'args': [{'element-6066-11e4-a52e-4f735466cecf': 'f.F58EA26C8C1CFBAF4A67A533CF2519BC.d.95BB412A79AA1DAA3DA027114796F7DF.e.14'}]}
2024-12-16 01:27:29,477 - urllib3.connectionpool - DEBUG - http://localhost:56268 "POST /session/9b1c918065bd62a7ee371461052f2322/execute/sync HTTP/11" 200 0
2024-12-16 01:27:29,478 - selenium.webdriver.remote.remote_connection - DEBUG - Remote response: status=200 | data={"value":null} | headers=HTTPHeaderDict({'Content-Length': '14', 'Content-Type': 'application/json; charset=utf-8', 'cache-control': 'no-cache'})
2024-12-16 01:27:29,478 - selenium.webdriver.remote.remote_connection - DEBUG - Finished Request
2024-12-16 01:27:29,478 - selenium.webdriver.remote.remote_connection - DEBUG - POST http://localhost:56268/session/9b1c918065bd62a7ee371461052f2322/element/f.F58EA26C8C1CFBAF4A67A533CF2519BC.d.95BB412A79AA1DAA3DA027114796F7DF.e.14/click {}
2024-12-16 01:27:30,336 - urllib3.connectionpool - DEBUG - http://localhost:56268 "POST /session/9b1c918065bd62a7ee371461052f2322/element/f.F58EA26C8C1CFBAF4A67A533CF2519BC.d.95BB412A79AA1DAA3DA027114796F7DF.e.14/click HTTP/11" 200 0
2024-12-16 01:27:30,337 - selenium.webdriver.remote.remote_connection - DEBUG - Remote response: status=200 | data={"value":null} | headers=HTTPHeaderDict({'Content-Length': '14', 'Content-Type': 'application/json; charset=utf-8', 'cache-control': 'no-cache'})
2024-12-16 01:27:30,337 - selenium.webdriver.remote.remote_connection - DEBUG - Finished Request
2024-12-16 01:27:30,337 - selenium.webdriver.remote.remote_connection - DEBUG - GET http://localhost:56268/session/9b1c918065bd62a7ee371461052f2322/url {}
2024-12-16 01:27:30,368 - urllib3.connectionpool - DEBUG - http://localhost:56268 "GET /session/9b1c918065bd62a7ee371461052f2322/url HTTP/11" 200 0
2024-12-16 01:27:30,368 - selenium.webdriver.remote.remote_connection - DEBUG - Remote response: status=200 | data={"value":"https://tensor.ru/about"} | headers=HTTPHeaderDict({'Content-Length': '35', 'Content-Type': 'application/json; charset=utf-8', 'cache-control': 'no-cache'})
2024-12-16 01:27:30,368 - selenium.webdriver.remote.remote_connection - DEBUG - Finished Request
2024-12-16 01:27:30,368 - selenium.webdriver.remote.remote_connection - DEBUG - POST http://localhost:56268/session/9b1c918065bd62a7ee371461052f2322/element {'using': 'xpath', 'value': 'html/body/div[1]/div/div/div/div[2]/div[1]/div[2]/div[1]/div/div/div[1]/div/div[4]/div[2]/div [1]/a/...'}
2024-12-16 01:27:30,434 - urllib3.connectionpool - DEBUG - http://localhost:56268 "POST /session/9b1c918065bd62a7ee371461052f2322/element HTTP/11" 200 0
2024-12-16 01:27:30,434 - selenium.webdriver.remote.remote_connection - DEBUG - Remote response: status=200 | data={"value":{"element-6066-11e4-a52e-4f735466cecf":"f.F58EA26C8C1CFBAF4A67A533CF2519BC.d.6B2B15FA7A7F3EA665B80D834F5DFCD2.e.42"}} | headers=HTTPHeaderDict({'Content-Length': '126', 'Content-Type': 'application/json; charset=utf-8', 'cache-control': 'no-cache'})
2024-12-16 01:27:30,435 - selenium.webdriver.remote.remote_connection - DEBUG - Finished Request
2024-12-16 01:27:30,435 - selenium.webdriver.remote.remote_connection - DEBUG - GET http://localhost:56268/session/9b1c918065bd62a7ee371461052f2322/element/f.F58EA26C8C1CFBAF4A67A533CF2519BC.d.6B2B15FA7A7F3EA665B80D834F5DFCD2.e.42/rect {}
2024-12-16 01:27:30,490 - urllib3.connectionpool - DEBUG - http://localhost:56268 "GET /session/9b1c918065bd62a7ee371461052f2322/element/f.F58EA26C8C1CFBAF4A67A533CF2519BC.d.6B2B15FA7A7F3EA665B80D834F5DFCD2.e.42/rect HTTP/11" 200 0
2024-12-16 01:27:30,490 - selenium.webdriver.remote.remote_connection - DEBUG - Remote response: status=200 | data={"value":{"height":192,"width":231,"x":17,"y":1841}} | headers=HTTPHeaderDict({'Content-Length': '52', 'Content-Type': 'application/json; charset=utf-8', 'cache-control': 'no-cache'})
2024-12-16 01:27:30,490 - selenium.webdriver.remote.remote_connection - DEBUG - Finished Request
2024-12-16 01:27:30,490 - selenium.webdriver.remote.remote_connection - DEBUG - POST http://localhost:56268/session/9b1c918065bd62a7ee371461052f2322/element {'using': 'xpath', 'value': 'html/body/div[1]/div/div/div/div[2]/div[1]/div[2]/div[1]/div/div/div[1]/div/div[4]/div[2]/div [2]/a/...'}
2024-12-16 01:27:30,503 - urllib3.connectionpool - DEBUG - http://localhost:56268 "POST /session/9b1c918065bd62a7ee371461052f2322/element HTTP/11" 200 0
2024-12-16 01:27:30,503 - selenium.webdriver.remote.remote_connection - DEBUG - Remote response: status=200 | data={"value":{"element-6066-11e4-a52e-4f735466cecf":"f.F58EA26C8C1CFBAF4A67A533CF2519BC.d.6B2B15FA7A7F3EA665B80D834F5DFCD2.e.43"}} | headers=HTTPHeaderDict({'Content-Length': '126', 'Content-Type': 'application/json; charset=utf-8', 'cache-control': 'no-cache'})
2024-12-16 01:27:30,503 - selenium.webdriver.remote.remote_connection - DEBUG - Finished Request
2024-12-16 01:27:30,504 - selenium.webdriver.remote.remote_connection - DEBUG - GET http://localhost:56268/session/9b1c918065bd62a7ee371461052f2322/element/f.F58EA26C8C1CFBAF4A67A533CF2519BC.d.6B2B15FA7A7F3EA665B80D834F5DFCD2.e.43/rect {}
2024-12-16 01:27:30,525 - urllib3.connectionpool - DEBUG - http://localhost:56268 "GET /session/9b1c918065bd62a7ee371461052f2322/element/f.F58EA26C8C1CFBAF4A67A533CF2519BC.d.6B2B15FA7A7F3EA665B80D834F5DFCD2.e.43/rect HTTP/11" 200 0
2024-12-16 01:27:30,525 - selenium.webdriver.remote.remote_connection - DEBUG - Remote response: status=200 | data={"value":{"height":192,"width":231,"x":273.5,"y":1841}} | headers=HTTPHeaderDict({'Content-Length': '55', 'Content-Type': 'application/json; charset=utf-8', 'cache-control': 'no-cache'})
2024-12-16 01:27:30,525 - selenium.webdriver.remote.remote_connection - DEBUG - Finished Request
2024-12-16 01:27:30,526 - selenium.webdriver.remote.remote_connection - DEBUG - POST http://localhost:56268/session/9b1c918065bd62a7ee371461052f2322/element {'using': 'xpath', 'value': 'html/body/div[1]/div/div/div/div[2]/div[1]/div[2]/div[1]/div/div/div[1]/div/div[4]/div[2]/div [3]/a/...'}
2024-12-16 01:27:30,542 - urllib3.connectionpool - DEBUG - http://localhost:56268 "POST /session/9b1c918065bd62a7ee371461052f2322/element HTTP/11" 200 0
2024-12-16 01:27:30,542 - selenium.webdriver.remote.remote_connection - DEBUG - Remote response: status=200 | data={"value":{"element-6066-11e4-a52e-4f735466cecf":"f.F58EA26C8C1CFBAF4A67A533CF2519BC.d.6B2B15FA7A7F3EA665B80D834F5DFCD2.e.45"}} | headers=HTTPHeaderDict({'Content-Length': '126', 'Content-Type': 'application/json; charset=utf-8', 'cache-control': 'no-cache'})
2024-12-16 01:27:30,542 - selenium.webdriver.remote.remote_connection - DEBUG - Finished Request
2024-12-16 01:27:30,543 - selenium.webdriver.remote.remote_connection - DEBUG - GET http://localhost:56268/session/9b1c918065bd62a7ee371461052f2322/element/f.F58EA26C8C1CFBAF4A67A533CF2519BC.d.6B2B15FA7A7F3EA665B80D834F5DFCD2.e.45/rect {}
2024-12-16 01:27:30,551 - urllib3.connectionpool - DEBUG - http://localhost:56268 "GET /session/9b1c918065bd62a7ee371461052f2322/element/f.F58EA26C8C1CFBAF4A67A533CF2519BC.d.6B2B15FA7A7F3EA665B80D834F5DFCD2.e.45/rect HTTP/11" 200 0
2024-12-16 01:27:30,552 - selenium.webdriver.remote.remote_connection - DEBUG - Remote response: status=200 | data={"value":{"height":192,"width":231,"x":530,"y":1841}} | headers=HTTPHeaderDict({'Content-Length': '53', 'Content-Type': 'application/json; charset=utf-8', 'cache-control': 'no-cache'})
2024-12-16 01:27:30,552 - selenium.webdriver.remote.remote_connection - DEBUG - Finished Request
2024-12-16 01:27:30,552 - selenium.webdriver.remote.remote_connection - DEBUG - POST http://localhost:56268/session/9b1c918065bd62a7ee371461052f2322/element {'using': 'xpath', 'value': 'html/body/div[1]/div/div/div/div[2]/div[1]/div[2]/div[1]/div/div/div[1]/div/div[4]/div[2]/div [4]/a/...'}
2024-12-16 01:27:30,566 - urllib3.connectionpool - DEBUG - http://localhost:56268 "POST /session/9b1c918065bd62a7ee371461052f2322/element HTTP/11" 200 0
2024-12-16 01:27:30,566 - selenium.webdriver.remote.remote_connection - DEBUG - Remote response: status=200 | data={"value":{"element-6066-11e4-a52e-4f735466cecf":"f.F58EA26C8C1CFBAF4A67A533CF2519BC.d.6B2B15FA7A7F3EA665B80D834F5DFCD2.e.46"}} | headers=HTTPHeaderDict({'Content-Length': '126', 'Content-Type': 'application/json; charset=utf-8', 'cache-control': 'no-cache'})
2024-12-16 01:27:30,566 - selenium.webdriver.remote.remote_connection - DEBUG - Finished Request
2024-12-16 01:27:30,566 - selenium.webdriver.remote.remote_connection - DEBUG - GET http://localhost:56268/session/9b1c918065bd62a7ee371461052f2322/element/f.F58EA26C8C1CFBAF4A67A533CF2519BC.d.6B2B15FA7A7F3EA665B80D834F5DFCD2.e.46/rect {}
2024-12-16 01:27:30,579 - urllib3.connectionpool - DEBUG - http://localhost:56268 "GET /session/9b1c918065bd62a7ee371461052f2322/element/f.F58EA26C8C1CFBAF4A67A533CF2519BC.d.6B2B15FA7A7F3EA665B80D834F5DFCD2.e.46/rect HTTP/11" 200 0
2024-12-16 01:27:30,579 - selenium.webdriver.remote.remote_connection - DEBUG - Remote response: status=200 | data={"value":{"height":192,"width":231,"x":786.5,"y":1841}} | headers=HTTPHeaderDict({'Content-Length': '55', 'Content-Type': 'application/json; charset=utf-8', 'cache-control': 'no-cache'})
2024-12-16 01:27:30,580 - selenium.webdriver.remote.remote_connection - DEBUG - Finished Request
2024-12-16 01:27:30,580 - root - INFO - TEST IS END AND WERY WELL
2024-12-16 01:27:30,584 - selenium.webdriver.remote.remote_connection - DEBUG - DELETE http://localhost:56268/session/9b1c918065bd62a7ee371461052f2322 {}
2024-12-16 01:27:30,647 - urllib3.connectionpool - DEBUG - http://localhost:56268 "DELETE /session/9b1c918065bd62a7ee371461052f2322 HTTP/11" 200 0
2024-12-16 01:27:30,648 - selenium.webdriver.remote.remote_connection - DEBUG - Remote response: status=200 | data={"value":null} | headers=HTTPHeaderDict({'Content-Length': '14', 'Content-Type': 'application/json; charset=utf-8', 'cache-control': 'no-cache'})
2024-12-16 01:27:30,648 - selenium.webdriver.remote.remote_connection - DEBUG - Finished Request
